
Terminal is an output/ input system which allows for the input/output of txt
Console is someting. I have no idea. But i'll change the definition after I push this/
Shell is something where its sole purpose is to open and run programs that can be used


Done
Last login: Tue Jun 30 10:52:24 on ttys000
Ilians-MacBook-Pro:~ ilianherzi1$ cd git
Ilians-MacBook-Pro:git ilianherzi1$ cd darblez-client
Ilians-MacBook-Pro:darblez-client ilianherzi1$ git pull
Cannot pull with rebase: You have unstaged changes.
Please commit or stash them.
Ilians-MacBook-Pro:darblez-client ilianherzi1$ git fetch 
remote: Counting objects: 3179, done.
remote: Compressing objects: 100% (179/179), done.
remote: Total 3179 (delta 1525), reused 1412 (delta 1412), pack-reused 1588
Receiving objects: 100% (3179/3179), 50.74 MiB | 627.00 KiB/s, done.
Resolving deltas: 100% (2476/2476), completed with 326 local objects.
From https://github.com/LGDevShop/darblez-client
   48fd248..a6f8576  master     -> origin/master
Ilians-MacBook-Pro:darblez-client ilianherzi1$ git clone
You must specify a repository to clone.

usage: git clone [options] [--] <repo> [<dir>]

    -v, --verbose         be more verbose
    -q, --quiet           be more quiet
    --progress            force progress reporting
    -n, --no-checkout     don't create a checkout
    --bare                create a bare repository
    --mirror              create a mirror repository (implies bare)
    -l, --local           to clone from a local repository
    --no-hardlinks        don't use local hardlinks, always copy
    -s, --shared          setup as shared repository
    --recursive           initialize submodules in the clone
    --recurse-submodules  initialize submodules in the clone
    --template <template-directory>
                          directory from which templates will be used
    --reference <repo>    reference repository
    -o, --origin <name>   use <name> instead of 'origin' to track upstream
    -b, --branch <branch>
                          checkout <branch> instead of the remote's HEAD
    -u, --upload-pack <path>
                          path to git-upload-pack on the remote
    --depth <depth>       create a shallow clone of that depth
    --single-branch       clone only one branch, HEAD or --branch
    --dissociate          use --reference only while cloning
    --separate-git-dir <gitdir>
                          separate git dir from working tree
    -c, --config <key=value>
                          set config inside the new repository

Ilians-MacBook-Pro:darblez-client ilianherzi1$ git pull
Cannot pull with rebase: You have unstaged changes.
Please commit or stash them.
Ilians-MacBook-Pro:darblez-client ilianherzi1$ git status
On branch master
Your branch is behind 'origin/master' by 237 commits, and can be fast-forwarded.
  (use "git pull" to update your local branch)
Changes not staged for commit:
  (use "git add/rm <file>..." to update what will be committed)
  (use "git checkout -- <file>..." to discard changes in working directory)

	deleted:    Assets/Editor/mod_pbxproj.pyc.meta
	deleted:    Assets/Editor/plistlib.pyc.meta

Untracked files:
  (use "git add <file>..." to include in what will be committed)

	Assets/Darblez/StaticAssets/Models/Materials/Character_lambert4SG6_Base_Color.mat
	Assets/Darblez/StaticAssets/Models/Materials/Character_lambert4SG6_Base_Color.mat.meta
	Assets/Darblez/StaticAssets/Models/Materials/bombshell_texture.mat
	Assets/Darblez/StaticAssets/Models/Materials/bombshell_texture.mat.meta

no changes added to commit (use "git add" and/or "git commit -a")
Ilians-MacBook-Pro:darblez-client ilianherzi1$ git status
On branch master
Your branch is behind 'origin/master' by 237 commits, and can be fast-forwarded.
  (use "git pull" to update your local branch)
Changes not staged for commit:
  (use "git add/rm <file>..." to update what will be committed)
  (use "git checkout -- <file>..." to discard changes in working directory)

	deleted:    Assets/Editor/mod_pbxproj.pyc.meta
	deleted:    Assets/Editor/plistlib.pyc.meta

Untracked files:
  (use "git add <file>..." to include in what will be committed)

	Assets/Darblez/StaticAssets/Models/Materials/Character_lambert4SG6_Base_Color.mat
	Assets/Darblez/StaticAssets/Models/Materials/Character_lambert4SG6_Base_Color.mat.meta
	Assets/Darblez/StaticAssets/Models/Materials/bombshell_texture.mat
	Assets/Darblez/StaticAssets/Models/Materials/bombshell_texture.mat.meta

no changes added to commit (use "git add" and/or "git commit -a")
Ilians-MacBook-Pro:darblez-client ilianherzi1$ git clean -f
Removing Assets/Darblez/StaticAssets/Models/Materials/Character_lambert4SG6_Base_Color.mat
Removing Assets/Darblez/StaticAssets/Models/Materials/Character_lambert4SG6_Base_Color.mat.meta
Removing Assets/Darblez/StaticAssets/Models/Materials/bombshell_texture.mat
Removing Assets/Darblez/StaticAssets/Models/Materials/bombshell_texture.mat.meta
Ilians-MacBook-Pro:darblez-client ilianherzi1$ git status
On branch master
Your branch is behind 'origin/master' by 237 commits, and can be fast-forwarded.
  (use "git pull" to update your local branch)
Changes not staged for commit:
  (use "git add/rm <file>..." to update what will be committed)
  (use "git checkout -- <file>..." to discard changes in working directory)

	deleted:    Assets/Editor/mod_pbxproj.pyc.meta
	deleted:    Assets/Editor/plistlib.pyc.meta

no changes added to commit (use "git add" and/or "git commit -a")
Ilians-MacBook-Pro:darblez-client ilianherzi1$ git checkout .
Ilians-MacBook-Pro:darblez-client ilianherzi1$ git status
On branch master
Your branch is behind 'origin/master' by 237 commits, and can be fast-forwarded.
  (use "git pull" to update your local branch)
nothing to commit, working directory clean
Ilians-MacBook-Pro:darblez-client ilianherzi1$ git pull
remote: Counting objects: 32, done.
remote: Compressing objects: 100% (5/5), done.
remote: Total 32 (delta 30), reused 28 (delta 27), pack-reused 0
Unpacking objects: 100% (32/32), done.
From https://github.com/LGDevShop/darblez-client
   a6f8576..1099487  master     -> origin/master
First, rewinding head to replay your work on top of it...
Fast-forwarded master to 1099487b9ce226cd8e3bfa9bbbd0b7ca93de6e03.
Ilians-MacBook-Pro:darblez-client ilianherzi1$ git clean -f
Removing Assets/Darblez/Shooters/shoot_hotrod_a 2.meta
Removing Assets/Darblez/Shooters/shoot_hotrod_a.meta
Ilians-MacBook-Pro:darblez-client ilianherzi1$ git checkout .
Ilians-MacBook-Pro:darblez-client ilianherzi1$ git pull
Current branch master is up to date.
Ilians-MacBook-Pro:darblez-client ilianherzi1$ git lis
git: 'lis' is not a git command. See 'git --help'.

Did you mean this?
	log
Ilians-MacBook-Pro:darblez-client ilianherzi1$ git ls
git: 'ls' is not a git command. See 'git --help'.

Did you mean this?
	log
Ilians-MacBook-Pro:darblez-client ilianherzi1$ ls
AndroidLink				Assembly-CSharp-firstpass.csproj	LG_Dev_Shop.mobileprovision		Temp					debug.keystore
Assembly-CSharp-Editor-vs.csproj	Assembly-CSharp-vs.csproj		Library						bot-osx					git_build.sh
Assembly-CSharp-Editor.csproj		Assembly-CSharp.csproj			ProjectSettings					darblez-client-csharp.sln		readme.txt
Assembly-CSharp-firstpass-vs.csproj	Assets					SC						darblez-client.sln
Ilians-MacBook-Pro:darblez-client ilianherzi1$ 
  [Restored]
Last login: Wed Jul  1 14:47:27 on ttys000
Ilians-MacBook-Pro:darblez-client ilianherzi1$ git status
On branch master
Your branch is up-to-date with 'origin/master'.
Untracked files:
  (use "git add <file>..." to include in what will be committed)

	Assets/Darblez/Shooters/shoot_hotrod_a 2/
	Assets/Darblez/Shooters/shoot_hotrod_a/

nothing added to commit but untracked files present (use "git add" to track)
Ilians-MacBook-Pro:darblez-client ilianherzi1$ git clean -f
Ilians-MacBook-Pro:darblez-client ilianherzi1$ git checkout .
Ilians-MacBook-Pro:darblez-client ilianherzi1$ git pull
Current branch master is up to date.
Ilians-MacBook-Pro:darblez-client ilianherzi1$ git status
On branch master
Your branch is up-to-date with 'origin/master'.
Untracked files:
  (use "git add <file>..." to include in what will be committed)

	Assets/Darblez/Shooters/shoot_hotrod_a 2/
	Assets/Darblez/Shooters/shoot_hotrod_a/

nothing added to commit but untracked files present (use "git add" to track)
Ilians-MacBook-Pro:darblez-client ilianherzi1$ git commit
On branch master
Your branch is up-to-date with 'origin/master'.
Untracked files:
	Assets/Darblez/Shooters/shoot_hotrod_a 2/
	Assets/Darblez/Shooters/shoot_hotrod_a/

nothing added to commit but untracked files present
Ilians-MacBook-Pro:darblez-client ilianherzi1$ git pull
Cannot pull with rebase: You have unstaged changes.
Please commit or stash them.
Ilians-MacBook-Pro:darblez-client ilianherzi1$ git clean -f
Removing Assets/Darblez/Shooters/shoot_hotrod_a 2.meta
Removing Assets/Darblez/Shooters/shoot_hotrod_a.meta
Ilians-MacBook-Pro:darblez-client ilianherzi1$ git checkout .
Ilians-MacBook-Pro:darblez-client ilianherzi1$ git pull
Current branch master is up to date.
Ilians-MacBook-Pro:darblez-client ilianherzi1$ ls
AndroidLink				Assembly-CSharp-vs.csproj		ProjectSettings				darblez-client.sln
Assembly-CSharp-Editor-vs.csproj	Assembly-CSharp.csproj			SC					debug.keystore
Assembly-CSharp-Editor.csproj		Assets					Temp					git_build.sh
Assembly-CSharp-firstpass-vs.csproj	LG_Dev_Shop.mobileprovision		bot-osx					readme.txt
Assembly-CSharp-firstpass.csproj	Library					darblez-client-csharp.sln
Ilians-MacBook-Pro:darblez-client ilianherzi1$ cd Asse
Assembly-CSharp-Editor-vs.csproj     Assembly-CSharp-firstpass-vs.csproj  Assembly-CSharp-vs.csproj            Assets/
Assembly-CSharp-Editor.csproj        Assembly-CSharp-firstpass.csproj     Assembly-CSharp.csproj               
Ilians-MacBook-Pro:darblez-client ilianherzi1$ cd Asse
Assembly-CSharp-Editor-vs.csproj     Assembly-CSharp-firstpass-vs.csproj  Assembly-CSharp-vs.csproj            Assets/
Assembly-CSharp-Editor.csproj        Assembly-CSharp-firstpass.csproj     Assembly-CSharp.csproj               
Ilians-MacBook-Pro:darblez-client ilianherzi1$ cd Asse
Assembly-CSharp-Editor-vs.csproj     Assembly-CSharp-firstpass-vs.csproj  Assembly-CSharp-vs.csproj            Assets/
Assembly-CSharp-Editor.csproj        Assembly-CSharp-firstpass.csproj     Assembly-CSharp.csproj               
Ilians-MacBook-Pro:darblez-client ilianherzi1$ cd Asse
Assembly-CSharp-Editor-vs.csproj     Assembly-CSharp-firstpass-vs.csproj  Assembly-CSharp-vs.csproj            Assets/
Assembly-CSharp-Editor.csproj        Assembly-CSharp-firstpass.csproj     Assembly-CSharp.csproj               
Ilians-MacBook-Pro:darblez-client ilianherzi1$ cd Asse
Assembly-CSharp-Editor-vs.csproj     Assembly-CSharp-firstpass-vs.csproj  Assembly-CSharp-vs.csproj            Assets/
Assembly-CSharp-Editor.csproj        Assembly-CSharp-firstpass.csproj     Assembly-CSharp.csproj               
Ilians-MacBook-Pro:darblez-client ilianherzi1$ cd Asse
Assembly-CSharp-Editor-vs.csproj     Assembly-CSharp-firstpass-vs.csproj  Assembly-CSharp-vs.csproj            Assets/
Assembly-CSharp-Editor.csproj        Assembly-CSharp-firstpass.csproj     Assembly-CSharp.csproj               
Ilians-MacBook-Pro:darblez-client ilianherzi1$ cd Asse
Assembly-CSharp-Editor-vs.csproj     Assembly-CSharp-firstpass-vs.csproj  Assembly-CSharp-vs.csproj            Assets/
Assembly-CSharp-Editor.csproj        Assembly-CSharp-firstpass.csproj     Assembly-CSharp.csproj               
Ilians-MacBook-Pro:darblez-client ilianherzi1$ cd Asse
Assembly-CSharp-Editor-vs.csproj     Assembly-CSharp-firstpass-vs.csproj  Assembly-CSharp-vs.csproj            Assets/
Assembly-CSharp-Editor.csproj        Assembly-CSharp-firstpass.csproj     Assembly-CSharp.csproj               
Ilians-MacBook-Pro:darblez-client ilianherzi1$ cd Assets/
Ilians-MacBook-Pro:Assets ilianherzi1$ ls
Darblez		Darblez.meta	Editor		Editor.meta	Extensions	Extensions.meta	Plugins		Plugins.meta	link.xml	link.xml.meta
Ilians-MacBook-Pro:Assets ilianherzi1$ cd ..
Ilians-MacBook-Pro:darblez-client ilianherzi1$ vi Assembly-CSharp-firstpass-vs.csproj
Ilians-MacBook-Pro:darblez-client ilianherzi1$ status
-bash: status: command not found
Ilians-MacBook-Pro:darblez-client ilianherzi1$ git status
On branch master
Your branch is up-to-date with 'origin/master'.
Untracked files:
  (use "git add <file>..." to include in what will be committed)

	Assets/Darblez/Shooters/shoot_hotrod_a 2/
	Assets/Darblez/Shooters/shoot_hotrod_a/

nothing added to commit but untracked files present (use "git add" to track)
Ilians-MacBook-Pro:darblez-client ilianherzi1$ cd ..
Ilians-MacBook-Pro:git ilianherzi1$ cd ..
Ilians-MacBook-Pro:~ ilianherzi1$ cd Documents/
Ilians-MacBook-Pro:Documents ilianherzi1$ cd newGitTest/
Ilians-MacBook-Pro:newGitTest ilianherzi1$ ls
-		README.md	index.html
Ilians-MacBook-Pro:newGitTest ilianherzi1$ vi README.md 
Ilians-MacBook-Pro:newGitTest ilianherzi1$ git status
On branch master
Your branch is up-to-date with 'origin/master'.
Changes to be committed:
  (use "git reset HEAD <file>..." to unstage)

	new file:   -
	new file:   .R.swp
	new file:   .README.md.swo
	modified:   README.md

Changes not staged for commit:
  (use "git add <file>..." to update what will be committed)
  (use "git checkout -- <file>..." to discard changes in working directory)

	modified:   README.md

Ilians-MacBook-Pro:newGitTest ilianherzi1$ git add README.md 
Ilians-MacBook-Pro:newGitTest ilianherzi1$ git commit -m
error: switch `m' requires a value
usage: git commit [options] [--] <pathspec>...

    -q, --quiet           suppress summary after successful commit
    -v, --verbose         show diff in commit message template

Commit message options
    -F, --file <file>     read message from file
    --author <author>     override author for commit
    --date <date>         override date for commit
    -m, --message <message>
                          commit message
    -c, --reedit-message <commit>
                          reuse and edit message from specified commit
    -C, --reuse-message <commit>
                          reuse message from specified commit
    --fixup <commit>      use autosquash formatted message to fixup specified commit
    --squash <commit>     use autosquash formatted message to squash specified commit
    --reset-author        the commit is authored by me now (used with -C/-c/--amend)
    -s, --signoff         add Signed-off-by:
    -t, --template <file>
                          use specified template file
    -e, --edit            force edit of commit
    --cleanup <default>   how to strip spaces and #comments from message
    --status              include status in commit message template
    -S, --gpg-sign[=<key-id>]
                          GPG sign commit

Commit contents options
    -a, --all             commit all changed files
    -i, --include         add specified files to index for commit
    --interactive         interactively add files
    -p, --patch           interactively add changes
    -o, --only            commit only specified files
    -n, --no-verify       bypass pre-commit hook
    --dry-run             show what would be committed
    --short               show status concisely
    --branch              show branch information
    --porcelain           machine-readable output
    --long                show status in long format (default)
    -z, --null            terminate entries with NUL
    --amend               amend previous commit
    --no-post-rewrite     bypass post-rewrite hook
    -u, --untracked-files[=<mode>]
                          show untracked files, optional modes: all, normal, no. (Default: all)

Ilians-MacBook-Pro:newGitTest ilianherzi1$ git commit -m "changed READ.me around"
[master 2a1e103] changed READ.me around
 4 files changed, 16 insertions(+)
 create mode 100644 -
 create mode 100644 .R.swp
 create mode 100644 .README.md.swo
Ilians-MacBook-Pro:newGitTest ilianherzi1$ git push
warning: push.default is unset; its implicit value has changed in
Git 2.0 from 'matching' to 'simple'. To squelch this message
and maintain the traditional behavior, use:

  git config --global push.default matching

To squelch this message and adopt the new behavior now, use:

  git config --global push.default simple

When push.default is set to 'matching', git will push local branches
to the remote branches that already exist with the same name.

Since Git 2.0, Git defaults to the more conservative 'simple'
behavior, which only pushes the current branch to the corresponding
remote branch that 'git pull' uses to update the current branch.

See 'git help config' and search for 'push.default' for further information.
(the 'simple' mode was introduced in Git 1.7.11. Use the similar mode
'current' instead of 'simple' if you sometimes use older versions of Git)

Counting objects: 6, done.
Delta compression using up to 4 threads.
Compressing objects: 100% (6/6), done.
Writing objects: 100% (6/6), 1.10 KiB | 0 bytes/s, done.
Total 6 (delta 1), reused 0 (delta 0)
To https://github.com/ilianlgdevshop/newGitTest.git
   7b64aa7..2a1e103  master -> master
Ilians-MacBook-Pro:newGitTest ilianherzi1$ git status
On branch master
Your branch is up-to-date with 'origin/master'.
nothing to commit, working directory clean
Ilians-MacBook-Pro:newGitTest ilianherzi1$ git pull
Already up-to-date.
Ilians-MacBook-Pro:newGitTest ilianherzi1$ new file
-bash: new: command not found
Ilians-MacBook-Pro:newGitTest ilianherzi1$ touch foo
Ilians-MacBook-Pro:newGitTest ilianherzi1$ touch foo.txt
Ilians-MacBook-Pro:newGitTest ilianherzi1$ vi foo.txt 

This is a test for making files using terminal

What I understand so far is this. 

Terminal is an output/ input system which allows for the input/output of txt
Console is someting. I have no idea. But i'll change the definition after I push this/
Shell is something where its sole purpose is to open and run programs that can be used


Done
~                                                                                                                  
~                                                                                                                  
~                                                                                                                  
~                                                                                                                  
~                                                                                                                  
~                                                                                                                  
~                                                                                                                  
~                                                                                                                  
~                                                                                                                  
~                                                                                                                  
~                                                                                                                  
~                                                                                                                  
~                                                                                                                  
~                                                                                                                  
~                                                                                                                  
~                                                                                                                  
~                                                                                                                  
~                                                                                                                  
~                                                                                                                  
~                                                                                                                  
~                                                                                                                  
~                                                                                                                  
~                                                                                                                  
~                                                                                                                  
~                                                                                                                  
-- INSERT --

